// Jest Snapshot v1, https://goo.gl/fbAQLP

exports[`parses markdown files correctly should parse faulty-post.md correctly 1`] = `
{
  "content": "--+
title: Sample Post Title
---

content of it
",
  "data": {},
  "excerpt": "",
  "isEmpty": false,
}
`;

exports[`parses markdown files correctly should parse sample-post.md correctly 1`] = `
{
  "content": "
# Description

\`\`\`javascript
const app = express();
\`\`\`

## Example Section

1. valid
2. not valid
3. simple error
",
  "data": {
    "date": "01-31-2024",
    "image": "content/posts/nuxtlog-announce.png",
    "title": "Sample Post Title",
  },
  "excerpt": "",
  "isEmpty": false,
}
`;
